// Jest Snapshot v1, https://goo.gl/fbAQLP

exports[`CronScheduleBuilder Renders without error 1`] = `
<div>
  <TextInput
    hasError={true}
    label="Schedule"
    name="schedule"
    onChange={[Function]}
    value=""
  />
  <FieldError
    message="Frequency is required"
  />
  <WithStyles(ForwardRef(FormHelperText))
    className="noTopMargin_felu21j"
    style={
      Object {
        "color": "var(--jp-content-font-color2, #616161)",
        "marginBottom": 15,
        "marginLeft": 5,
        "marginTop": -2,
      }
    }
  >
    Schedule is specified using unix-cron format. You can define a schedule so that your execution runs multiple times a day, or runs on specific days and months.
    <LearnMoreLink
      href="https://cloud.google.com/scheduler/docs/configuring/cron-job-schedules"
    />
  </WithStyles(ForwardRef(FormHelperText))>
</div>
`;
